$ (cd weiran4j && JAVA_HOME=${JAVA_HOME_21:-$(/usr/libexec/java_home -v 21)} ./gradlew check --no-daemon) && pnpm --filter @weiran/web lint
To honour the JVM settings for this build a single-use Daemon process will be forked. For more on this, please refer to https://docs.gradle.org/9.6.1/userguide/gradle_daemon.html#sec:disabling_the_daemon in the Gradle documentation.
Daemon will be stopped at the end of the build 
> Task :build-logic:checkKotlinGradlePluginConfigurationErrors SKIPPED
> Task :build-logic:compileKotlin UP-TO-DATE
> Task :build-logic:compileJava NO-SOURCE
> Task :build-logic:pluginDescriptors UP-TO-DATE
> Task :build-logic:processResources UP-TO-DATE
> Task :build-logic:classes UP-TO-DATE
> Task :build-logic:jar UP-TO-DATE
> Task :check UP-TO-DATE
> Task :weiran-dependencies:check UP-TO-DATE
> Task :weiran-base-api:processResources NO-SOURCE
> Task :weiran-base-domain:processResources NO-SOURCE
> Task :weiran-base-application:processResources UP-TO-DATE
> Task :weiran-app:processResources UP-TO-DATE
> Task :weiran-base-adapter:processResources UP-TO-DATE
> Task :weiran-framework:processResources UP-TO-DATE
> Task :weiran-base-api:processTestResources NO-SOURCE
> Task :weiran-base-application:processTestResources NO-SOURCE
> Task :weiran-base-domain:processTestResources NO-SOURCE
> Task :weiran-base-adapter:processTestResources NO-SOURCE
> Task :weiran-framework:processTestResources NO-SOURCE
> Task :weiran-app:processTestResources UP-TO-DATE
> Task :weiran-base-infrastructure:processResources UP-TO-DATE
> Task :weiran-base-infrastructure:processTestResources NO-SOURCE
> Task :weiran-common:compileJava UP-TO-DATE
> Task :weiran-common:processResources NO-SOURCE
> Task :weiran-common:classes UP-TO-DATE
> Task :weiran-common:jar UP-TO-DATE
> Task :weiran-common:checkstyleMain UP-TO-DATE
> Task :weiran-common:compileTestJava UP-TO-DATE
> Task :weiran-common:processTestResources NO-SOURCE
> Task :weiran-common:testClasses UP-TO-DATE
> Task :weiran-common:checkstyleTest UP-TO-DATE
> Task :weiran-common:forbiddenApisMain
> Task :weiran-common:forbiddenApisTest SKIPPED
> Task :weiran-common:forbiddenApis
> Task :weiran-common:test UP-TO-DATE
> Task :weiran-common:jacocoTestCoverageVerification UP-TO-DATE
> Task :weiran-common:jacocoTestReport UP-TO-DATE
> Task :weiran-common:spotlessJava
> Task :weiran-common:spotlessJavaCheck
> Task :weiran-common:spotlessCheck
> Task :weiran-base-api:spotlessJava
> Task :weiran-base-adapter:spotlessJava
> Task :weiran-base-adapter:spotlessJavaCheck
> Task :weiran-base-adapter:spotlessCheck
> Task :weiran-base-api:compileJava UP-TO-DATE
> Task :weiran-base-api:classes UP-TO-DATE
> Task :weiran-base-api:jar UP-TO-DATE
> Task :weiran-base-api:checkstyleMain UP-TO-DATE
> Task :weiran-base-api:compileTestJava NO-SOURCE
> Task :weiran-base-api:testClasses UP-TO-DATE
> Task :weiran-base-api:checkstyleTest NO-SOURCE
> Task :weiran-app:spotlessJava
> Task :weiran-app:spotlessJavaCheck
> Task :weiran-app:spotlessCheck
> Task :weiran-framework:spotlessJava
> Task :weiran-base-api:forbiddenApisMain
> Task :weiran-base-api:forbiddenApisTest SKIPPED
> Task :weiran-base-application:spotlessJava
> Task :weiran-base-api:forbiddenApis
> Task :weiran-base-application:spotlessJavaCheck
> Task :weiran-base-application:spotlessCheck
> Task :weiran-base-infrastructure:spotlessJava
> Task :weiran-base-infrastructure:spotlessJavaCheck
> Task :weiran-base-infrastructure:spotlessCheck
> Task :weiran-base-api:test NO-SOURCE
> Task :weiran-base-api:jacocoTestCoverageVerification SKIPPED
> Task :weiran-base-api:jacocoTestReport SKIPPED
> Task :weiran-base-api:spotbugsTest NO-SOURCE
> Task :weiran-base-api:spotlessJavaCheck
> Task :weiran-base-api:spotlessCheck

> Task :weiran-app:verifyFrameworkVersions
verifyFrameworkVersions: 运行时模块 84 个，其中框架已管理 71 个，白名单豁免 2 条

> Task :weiran-framework:compileJava UP-TO-DATE
> Task :weiran-framework:classes UP-TO-DATE
> Task :weiran-framework:jar UP-TO-DATE
> Task :weiran-framework:checkstyleMain UP-TO-DATE
> Task :weiran-base-domain:spotlessJava
> Task :weiran-base-domain:compileJava UP-TO-DATE
> Task :weiran-base-domain:classes UP-TO-DATE
> Task :weiran-base-domain:jar UP-TO-DATE
> Task :weiran-base-domain:checkstyleMain UP-TO-DATE
> Task :weiran-base-domain:compileTestJava UP-TO-DATE
> Task :weiran-base-domain:testClasses UP-TO-DATE
> Task :weiran-base-application:compileJava UP-TO-DATE
> Task :weiran-base-application:classes UP-TO-DATE
> Task :weiran-base-domain:checkstyleTest UP-TO-DATE
> Task :weiran-base-application:jar UP-TO-DATE
> Task :weiran-base-application:checkstyleMain UP-TO-DATE
> Task :weiran-base-application:compileTestJava NO-SOURCE
> Task :weiran-base-application:testClasses UP-TO-DATE
> Task :weiran-base-infrastructure:compileJava UP-TO-DATE
> Task :weiran-base-infrastructure:classes UP-TO-DATE
> Task :weiran-base-application:checkstyleTest NO-SOURCE
> Task :weiran-base-infrastructure:jar UP-TO-DATE
> Task :weiran-base-domain:forbiddenApisMain
> Task :weiran-base-domain:forbiddenApisTest SKIPPED
> Task :weiran-base-domain:forbiddenApis
> Task :weiran-base-domain:test UP-TO-DATE
> Task :weiran-base-infrastructure:checkstyleMain UP-TO-DATE
> Task :weiran-base-domain:jacocoTestCoverageVerification UP-TO-DATE
> Task :weiran-base-adapter:compileJava UP-TO-DATE
> Task :weiran-base-adapter:classes UP-TO-DATE
> Task :weiran-base-adapter:jar UP-TO-DATE
> Task :weiran-base-domain:jacocoTestReport UP-TO-DATE
> Task :weiran-framework:compileTestJava UP-TO-DATE
> Task :weiran-framework:testClasses UP-TO-DATE
> Task :weiran-base-infrastructure:compileTestJava UP-TO-DATE
> Task :weiran-base-infrastructure:testClasses UP-TO-DATE
> Task :weiran-base-adapter:checkstyleMain UP-TO-DATE
> Task :weiran-base-infrastructure:checkstyleTest UP-TO-DATE
> Task :weiran-base-adapter:compileTestJava NO-SOURCE
> Task :weiran-base-adapter:testClasses UP-TO-DATE
> Task :weiran-base-adapter:checkstyleTest NO-SOURCE
> Task :weiran-framework:checkstyleTest UP-TO-DATE
> Task :weiran-base-application:forbiddenApisMain
> Task :weiran-base-application:forbiddenApisTest SKIPPED
> Task :weiran-base-application:forbiddenApis
> Task :weiran-base-application:test NO-SOURCE
> Task :weiran-base-application:jacocoTestCoverageVerification SKIPPED
> Task :weiran-base-application:jacocoTestReport SKIPPED
> Task :weiran-app:compileJava UP-TO-DATE
> Task :weiran-app:classes UP-TO-DATE
> Task :weiran-base-adapter:forbiddenApisMain
> Task :weiran-base-adapter:forbiddenApisTest SKIPPED
> Task :weiran-base-adapter:forbiddenApis
> Task :weiran-base-adapter:test NO-SOURCE
> Task :weiran-app:checkstyleMain UP-TO-DATE
> Task :weiran-base-adapter:jacocoTestCoverageVerification SKIPPED
> Task :weiran-base-adapter:jacocoTestReport SKIPPED
> Task :weiran-framework:forbiddenApisMain
> Task :weiran-base-domain:spotlessJavaCheck
> Task :weiran-base-domain:spotlessCheck
> Task :weiran-framework:forbiddenApisTest SKIPPED
> Task :weiran-framework:forbiddenApis
> Task :weiran-base-infrastructure:forbiddenApisMain
> Task :weiran-app:compileTestJava UP-TO-DATE
> Task :weiran-app:testClasses UP-TO-DATE
> Task :weiran-framework:test UP-TO-DATE
> Task :weiran-base-application:spotbugsTest NO-SOURCE
> Task :weiran-base-adapter:spotbugsTest NO-SOURCE
> Task :weiran-base-infrastructure:forbiddenApisTest SKIPPED
> Task :weiran-base-infrastructure:forbiddenApis
> Task :weiran-framework:jacocoTestCoverageVerification UP-TO-DATE
> Task :weiran-app:checkstyleTest UP-TO-DATE
> Task :weiran-framework:jacocoTestReport UP-TO-DATE
> Task :weiran-app:forbiddenApisMain
> Task :weiran-app:forbiddenApisTest SKIPPED
> Task :weiran-app:forbiddenApis
> Task :weiran-base-infrastructure:test UP-TO-DATE
> Task :weiran-base-infrastructure:jacocoTestCoverageVerification SKIPPED
> Task :weiran-base-infrastructure:jacocoTestReport UP-TO-DATE
> Task :weiran-app:test UP-TO-DATE
> Task :weiran-app:jacocoTestCoverageVerification UP-TO-DATE
> Task :weiran-app:jacocoTestReport UP-TO-DATE
> Task :weiran-common:spotbugsMain
> Task :weiran-common:spotbugsTest
> Task :weiran-app:spotbugsMain
> Task :weiran-common:check
> Task :weiran-base-api:spotbugsMain
> Task :weiran-base-api:check
> Task :weiran-framework:spotlessJavaCheck
> Task :weiran-framework:spotlessCheck
> Task :weiran-base-adapter:spotbugsMain
> Task :weiran-base-adapter:check
> Task :weiran-base-domain:spotbugsTest
> Task :weiran-base-application:spotbugsMain
> Task :weiran-base-application:check
> Task :weiran-base-domain:spotbugsMain
> Task :weiran-base-domain:check
> Task :weiran-framework:spotbugsMain
> Task :weiran-base-infrastructure:spotbugsMain
> Task :weiran-base-infrastructure:spotbugsTest
> Task :weiran-base-infrastructure:check
> Task :weiran-app:spotbugsTest
> Task :weiran-app:check
> Task :weiran-framework:spotbugsTest
> Task :weiran-framework:check

BUILD SUCCESSFUL in 24s
95 actionable tasks: 38 executed, 57 up-to-date
$ eslint src
exit=0
