> Task :build-logic:checkKotlinGradlePluginConfigurationErrors SKIPPED
> Task :build-logic:compileKotlin UP-TO-DATE
> Task :build-logic:compileJava NO-SOURCE
> Task :build-logic:pluginDescriptors UP-TO-DATE
> Task :build-logic:processResources UP-TO-DATE
> Task :build-logic:classes UP-TO-DATE
> Task :build-logic:jar UP-TO-DATE
> Task :weiran-dependencies:check UP-TO-DATE
> Task :check UP-TO-DATE
> Task :weiran-system-api:processResources NO-SOURCE
> Task :weiran-app:processResources UP-TO-DATE
> Task :weiran-system-application:processResources NO-SOURCE
> Task :weiran-system-adapter:processResources UP-TO-DATE
> Task :weiran-system-domain:processResources NO-SOURCE
> Task :weiran-system-infrastructure:processResources UP-TO-DATE
> Task :weiran-app:processTestResources UP-TO-DATE
> Task :weiran-system-api:processTestResources NO-SOURCE
> Task :weiran-system-adapter:processTestResources NO-SOURCE
> Task :weiran-system-domain:processTestResources NO-SOURCE
> Task :weiran-system-application:processTestResources NO-SOURCE
> Task :weiran-system-infrastructure:processTestResources NO-SOURCE
> Task :weiran-system-application:spotlessJava UP-TO-DATE
> Task :weiran-system-adapter:spotlessJava UP-TO-DATE
> Task :weiran-system-domain:spotlessJava UP-TO-DATE
> Task :weiran-system-api:spotlessJava UP-TO-DATE
> Task :weiran-system-application:spotlessJavaCheck UP-TO-DATE
> Task :weiran-system-application:spotlessCheck UP-TO-DATE
> Task :weiran-system-adapter:spotlessJavaCheck UP-TO-DATE
> Task :weiran-system-adapter:spotlessCheck UP-TO-DATE
> Task :weiran-app:spotlessJava UP-TO-DATE
> Task :weiran-system-api:spotlessJavaCheck UP-TO-DATE
> Task :weiran-system-api:spotlessCheck UP-TO-DATE
> Task :weiran-system-domain:spotlessJavaCheck UP-TO-DATE
> Task :weiran-system-domain:spotlessCheck UP-TO-DATE
> Task :weiran-app:spotlessJavaCheck UP-TO-DATE
> Task :weiran-app:spotlessCheck UP-TO-DATE
> Task :weiran-system-infrastructure:spotlessJava UP-TO-DATE
> Task :weiran-system-infrastructure:spotlessJavaCheck UP-TO-DATE
> Task :weiran-system-infrastructure:spotlessCheck UP-TO-DATE
> Task :weiran-common:compileJava UP-TO-DATE
> Task :weiran-common:processResources NO-SOURCE
> Task :weiran-common:classes UP-TO-DATE
> Task :weiran-common:jar UP-TO-DATE
> Task :weiran-system-api:compileJava UP-TO-DATE
> Task :weiran-system-domain:compileJava UP-TO-DATE
> Task :weiran-system-domain:classes UP-TO-DATE
> Task :weiran-system-api:classes UP-TO-DATE
> Task :weiran-system-api:jar UP-TO-DATE
> Task :weiran-system-domain:jar UP-TO-DATE
> Task :weiran-system-application:compileJava UP-TO-DATE
> Task :weiran-system-application:classes UP-TO-DATE
> Task :weiran-system-application:jar UP-TO-DATE
> Task :weiran-system-api:checkstyleMain UP-TO-DATE
> Task :weiran-common:checkstyleMain UP-TO-DATE
> Task :weiran-system-application:checkstyleMain UP-TO-DATE
> Task :weiran-system-domain:checkstyleMain UP-TO-DATE
> Task :weiran-common:compileTestJava NO-SOURCE
> Task :weiran-system-application:compileTestJava NO-SOURCE
> Task :weiran-system-api:compileTestJava NO-SOURCE
> Task :weiran-common:processTestResources NO-SOURCE
> Task :weiran-system-application:testClasses UP-TO-DATE
> Task :weiran-system-api:testClasses UP-TO-DATE
> Task :weiran-common:testClasses UP-TO-DATE
> Task :weiran-system-application:checkstyleTest NO-SOURCE
> Task :weiran-common:checkstyleTest NO-SOURCE
> Task :weiran-system-api:checkstyleTest NO-SOURCE
> Task :weiran-system-application:forbiddenApisMain UP-TO-DATE
> Task :weiran-common:forbiddenApisMain UP-TO-DATE
> Task :weiran-system-api:forbiddenApisMain UP-TO-DATE
> Task :weiran-system-api:forbiddenApisTest SKIPPED
> Task :weiran-system-application:forbiddenApisTest SKIPPED
> Task :weiran-common:forbiddenApisTest SKIPPED
> Task :weiran-common:forbiddenApis UP-TO-DATE
> Task :weiran-system-application:forbiddenApis UP-TO-DATE
> Task :weiran-system-api:forbiddenApis UP-TO-DATE
> Task :weiran-common:test NO-SOURCE
> Task :weiran-system-application:test NO-SOURCE
> Task :weiran-system-api:test NO-SOURCE
> Task :weiran-common:jacocoTestCoverageVerification SKIPPED
> Task :weiran-system-application:jacocoTestCoverageVerification SKIPPED
> Task :weiran-system-api:jacocoTestCoverageVerification SKIPPED
> Task :weiran-common:jacocoTestReport SKIPPED
> Task :weiran-system-application:jacocoTestReport SKIPPED
> Task :weiran-system-api:jacocoTestReport SKIPPED
> Task :weiran-system-domain:compileTestJava UP-TO-DATE
> Task :weiran-system-domain:testClasses UP-TO-DATE
> Task :weiran-system-domain:checkstyleTest UP-TO-DATE
> Task :weiran-system-domain:forbiddenApisMain UP-TO-DATE
> Task :weiran-system-domain:forbiddenApisTest SKIPPED
> Task :weiran-system-domain:forbiddenApis UP-TO-DATE
> Task :weiran-common:spotbugsMain UP-TO-DATE
> Task :weiran-system-api:spotbugsMain UP-TO-DATE
> Task :weiran-system-application:spotbugsMain UP-TO-DATE
> Task :weiran-system-domain:test UP-TO-DATE
> Task :weiran-common:spotbugsTest NO-SOURCE
> Task :weiran-system-application:spotbugsTest NO-SOURCE
> Task :weiran-system-application:check UP-TO-DATE
> Task :weiran-system-api:spotbugsTest NO-SOURCE
> Task :weiran-system-api:check UP-TO-DATE
> Task :weiran-system-domain:jacocoTestCoverageVerification UP-TO-DATE
> Task :weiran-system-domain:jacocoTestReport UP-TO-DATE
> Task :weiran-common:spotlessJava UP-TO-DATE
> Task :weiran-common:spotlessJavaCheck UP-TO-DATE
> Task :weiran-common:spotlessCheck UP-TO-DATE
> Task :weiran-common:check UP-TO-DATE
> Task :weiran-system-domain:spotbugsMain UP-TO-DATE
> Task :weiran-system-infrastructure:compileJava UP-TO-DATE
> Task :weiran-system-infrastructure:classes UP-TO-DATE
> Task :weiran-system-domain:spotbugsTest UP-TO-DATE
> Task :weiran-system-domain:check UP-TO-DATE
> Task :weiran-system-infrastructure:jar UP-TO-DATE
> Task :weiran-system-infrastructure:checkstyleMain UP-TO-DATE
> Task :weiran-system-infrastructure:compileTestJava NO-SOURCE
> Task :weiran-system-infrastructure:testClasses UP-TO-DATE
> Task :weiran-system-infrastructure:checkstyleTest NO-SOURCE
> Task :weiran-system-infrastructure:forbiddenApisMain UP-TO-DATE
> Task :weiran-system-infrastructure:forbiddenApisTest SKIPPED
> Task :weiran-system-infrastructure:forbiddenApis UP-TO-DATE
> Task :weiran-system-infrastructure:test NO-SOURCE
> Task :weiran-system-infrastructure:jacocoTestCoverageVerification SKIPPED
> Task :weiran-system-infrastructure:jacocoTestReport SKIPPED
> Task :weiran-system-infrastructure:spotbugsMain UP-TO-DATE
> Task :weiran-system-infrastructure:spotbugsTest NO-SOURCE
> Task :weiran-system-infrastructure:check UP-TO-DATE
> Task :weiran-system-adapter:compileJava UP-TO-DATE
> Task :weiran-system-adapter:classes UP-TO-DATE
> Task :weiran-system-adapter:jar UP-TO-DATE
> Task :weiran-system-adapter:checkstyleMain UP-TO-DATE
> Task :weiran-system-adapter:compileTestJava NO-SOURCE
> Task :weiran-system-adapter:testClasses UP-TO-DATE
> Task :weiran-system-adapter:checkstyleTest NO-SOURCE
> Task :weiran-system-adapter:forbiddenApisMain UP-TO-DATE
> Task :weiran-system-adapter:forbiddenApisTest SKIPPED
> Task :weiran-system-adapter:forbiddenApis UP-TO-DATE
> Task :weiran-system-adapter:test NO-SOURCE
> Task :weiran-system-adapter:jacocoTestCoverageVerification SKIPPED
> Task :weiran-system-adapter:jacocoTestReport SKIPPED
> Task :weiran-system-adapter:spotbugsMain UP-TO-DATE
> Task :weiran-system-adapter:spotbugsTest NO-SOURCE
> Task :weiran-system-adapter:check UP-TO-DATE
> Task :weiran-app:compileJava UP-TO-DATE
> Task :weiran-app:classes UP-TO-DATE
> Task :weiran-app:checkstyleMain UP-TO-DATE
> Task :weiran-app:compileTestJava UP-TO-DATE
> Task :weiran-app:testClasses UP-TO-DATE
> Task :weiran-app:checkstyleTest UP-TO-DATE
> Task :weiran-app:forbiddenApisMain UP-TO-DATE
> Task :weiran-app:forbiddenApisTest SKIPPED
> Task :weiran-app:forbiddenApis UP-TO-DATE
> Task :weiran-app:test UP-TO-DATE
> Task :weiran-app:jacocoTestCoverageVerification SKIPPED
> Task :weiran-app:jacocoTestReport UP-TO-DATE
> Task :weiran-app:spotbugsMain UP-TO-DATE
> Task :weiran-app:spotbugsTest UP-TO-DATE
> Task :weiran-app:check UP-TO-DATE

BUILD SUCCESSFUL in 838ms
67 actionable tasks: 67 up-to-date
