$ (cd weiran4j && JAVA_HOME=${JAVA_HOME_21:-$(/usr/libexec/java_home -v 21)} ./gradlew check --no-daemon) && pnpm --filter @weiran/web lint
# 2026-10-04 10:23:30
To honour the JVM settings for this build a single-use Daemon process will be forked. For more on this, please refer to https://docs.gradle.org/9.6.1/userguide/gradle_daemon.html#sec:disabling_the_daemon in the Gradle documentation.
Daemon will be stopped at the end of the build 
> Task :build-logic:checkKotlinGradlePluginConfigurationErrors SKIPPED
> Task :build-logic:compileKotlin UP-TO-DATE
> Task :build-logic:compileJava NO-SOURCE
> Task :build-logic:pluginDescriptors UP-TO-DATE
> Task :build-logic:processResources UP-TO-DATE
> Task :build-logic:classes UP-TO-DATE
> Task :build-logic:jar UP-TO-DATE
> Task :check UP-TO-DATE
> Task :weiran-base-domain:processResources NO-SOURCE
> Task :weiran-cqt-api:processResources NO-SOURCE
> Task :weiran-base-api:processResources NO-SOURCE
> Task :weiran-base-application:processResources UP-TO-DATE
> Task :weiran-base-adapter:processResources UP-TO-DATE
> Task :weiran-cqt-adapter:processResources UP-TO-DATE
> Task :weiran-cqt-application:processResources UP-TO-DATE
> Task :weiran-app:processResources UP-TO-DATE
> Task :weiran-base-api:processTestResources NO-SOURCE
> Task :weiran-cqt-domain:processResources NO-SOURCE
> Task :weiran-base-domain:processTestResources NO-SOURCE
> Task :weiran-base-adapter:processTestResources NO-SOURCE
> Task :weiran-base-application:processTestResources NO-SOURCE
> Task :weiran-app:processTestResources UP-TO-DATE
> Task :weiran-base-infrastructure:processResources UP-TO-DATE
> Task :weiran-framework:processResources UP-TO-DATE
> Task :weiran-cqt-adapter:processTestResources NO-SOURCE
> Task :weiran-cqt-infrastructure:processResources UP-TO-DATE
> Task :weiran-cqt-api:processTestResources NO-SOURCE
> Task :weiran-base-infrastructure:processTestResources NO-SOURCE
> Task :weiran-cqt-application:processTestResources NO-SOURCE
> Task :weiran-common:compileJava UP-TO-DATE
> Task :weiran-framework:compileJava UP-TO-DATE
> Task :weiran-cqt-domain:compileJava UP-TO-DATE
> Task :weiran-cqt-infrastructure:compileJava UP-TO-DATE
> Task :weiran-common:processResources NO-SOURCE
> Task :weiran-common:classes UP-TO-DATE
> Task :weiran-common:jar UP-TO-DATE
> Task :weiran-cqt-domain:classes UP-TO-DATE
> Task :weiran-cqt-domain:jar UP-TO-DATE
> Task :weiran-cqt-infrastructure:classes UP-TO-DATE
> Task :weiran-cqt-infrastructure:jar UP-TO-DATE
> Task :weiran-app:spotlessJava UP-TO-DATE
> Task :weiran-framework:classes UP-TO-DATE
> Task :weiran-cqt-application:spotlessJava UP-TO-DATE
> Task :weiran-cqt-api:spotlessJava UP-TO-DATE
> Task :weiran-cqt-adapter:spotlessJava UP-TO-DATE
> Task :weiran-framework:jar UP-TO-DATE
> Task :weiran-base-application:spotlessJava UP-TO-DATE
> Task :weiran-base-application:spotlessJavaCheck UP-TO-DATE
> Task :weiran-app:spotlessJavaCheck UP-TO-DATE
> Task :weiran-cqt-adapter:spotlessJavaCheck UP-TO-DATE
> Task :weiran-cqt-application:spotlessJavaCheck UP-TO-DATE
> Task :weiran-app:spotlessCheck UP-TO-DATE
> Task :weiran-base-application:spotlessCheck UP-TO-DATE
> Task :weiran-cqt-adapter:spotlessCheck UP-TO-DATE
> Task :weiran-cqt-application:spotlessCheck UP-TO-DATE
> Task :weiran-base-adapter:spotlessJava UP-TO-DATE
> Task :weiran-base-infrastructure:spotlessJava UP-TO-DATE
> Task :weiran-base-api:spotlessJava UP-TO-DATE
> Task :weiran-dependencies:check UP-TO-DATE
> Task :weiran-base-adapter:spotlessJavaCheck UP-TO-DATE
> Task :weiran-base-infrastructure:spotlessJavaCheck UP-TO-DATE
> Task :weiran-base-adapter:spotlessCheck UP-TO-DATE
> Task :weiran-base-infrastructure:spotlessCheck UP-TO-DATE
> Task :weiran-base-domain:spotlessJava UP-TO-DATE
> Task :weiran-cqt-api:compileJava UP-TO-DATE
> Task :weiran-cqt-api:classes UP-TO-DATE
> Task :weiran-cqt-api:jar UP-TO-DATE
> Task :weiran-base-api:compileJava UP-TO-DATE
> Task :weiran-base-domain:compileJava UP-TO-DATE
> Task :weiran-base-api:classes UP-TO-DATE
> Task :weiran-base-api:jar UP-TO-DATE
> Task :weiran-base-domain:classes UP-TO-DATE
> Task :weiran-base-domain:jar UP-TO-DATE
> Task :weiran-common:checkstyleMain UP-TO-DATE
> Task :weiran-cqt-application:compileJava UP-TO-DATE
> Task :weiran-base-application:compileJava UP-TO-DATE
> Task :weiran-cqt-api:checkstyleMain UP-TO-DATE
> Task :weiran-cqt-domain:checkstyleMain UP-TO-DATE
> Task :weiran-base-api:checkstyleMain UP-TO-DATE
> Task :weiran-base-application:classes UP-TO-DATE
> Task :weiran-cqt-application:classes UP-TO-DATE
> Task :weiran-framework:checkstyleMain UP-TO-DATE
> Task :weiran-cqt-infrastructure:checkstyleMain UP-TO-DATE
> Task :weiran-base-infrastructure:compileJava UP-TO-DATE
> Task :weiran-base-infrastructure:classes UP-TO-DATE
> Task :weiran-cqt-application:jar UP-TO-DATE
> Task :weiran-base-api:compileTestJava NO-SOURCE
> Task :weiran-base-api:testClasses UP-TO-DATE
> Task :weiran-cqt-api:compileTestJava NO-SOURCE
> Task :weiran-cqt-api:testClasses UP-TO-DATE
> Task :weiran-base-api:checkstyleTest NO-SOURCE
> Task :weiran-base-domain:checkstyleMain UP-TO-DATE
> Task :weiran-cqt-api:checkstyleTest NO-SOURCE
> Task :weiran-cqt-application:checkstyleMain UP-TO-DATE
> Task :weiran-base-application:jar UP-TO-DATE
> Task :weiran-base-adapter:compileJava UP-TO-DATE
> Task :weiran-cqt-adapter:compileJava UP-TO-DATE
> Task :weiran-cqt-adapter:classes UP-TO-DATE
> Task :weiran-base-infrastructure:jar UP-TO-DATE
> Task :weiran-base-adapter:classes UP-TO-DATE
> Task :weiran-base-application:checkstyleMain UP-TO-DATE
> Task :weiran-cqt-adapter:jar UP-TO-DATE
> Task :weiran-base-application:compileTestJava NO-SOURCE
> Task :weiran-base-application:testClasses UP-TO-DATE
> Task :weiran-base-adapter:jar UP-TO-DATE
> Task :weiran-base-application:checkstyleTest NO-SOURCE
> Task :weiran-base-domain:compileTestJava UP-TO-DATE
> Task :weiran-base-infrastructure:checkstyleMain UP-TO-DATE
> Task :weiran-base-domain:testClasses UP-TO-DATE
> Task :weiran-common:compileTestJava UP-TO-DATE
> Task :weiran-common:processTestResources NO-SOURCE
> Task :weiran-cqt-adapter:checkstyleMain UP-TO-DATE
> Task :weiran-common:testClasses UP-TO-DATE
> Task :weiran-base-adapter:checkstyleMain UP-TO-DATE
> Task :weiran-base-domain:checkstyleTest UP-TO-DATE
> Task :weiran-common:checkstyleTest UP-TO-DATE
> Task :weiran-cqt-adapter:compileTestJava NO-SOURCE
> Task :weiran-cqt-adapter:testClasses UP-TO-DATE
> Task :weiran-base-adapter:compileTestJava NO-SOURCE
> Task :weiran-cqt-application:compileTestJava UP-TO-DATE
> Task :weiran-base-adapter:testClasses UP-TO-DATE
> Task :weiran-cqt-application:testClasses UP-TO-DATE
> Task :weiran-base-infrastructure:compileTestJava UP-TO-DATE
> Task :weiran-base-infrastructure:testClasses UP-TO-DATE
> Task :weiran-cqt-adapter:checkstyleTest NO-SOURCE
> Task :weiran-base-adapter:checkstyleTest NO-SOURCE
> Task :weiran-base-infrastructure:checkstyleTest UP-TO-DATE
> Task :weiran-cqt-application:checkstyleTest UP-TO-DATE

> Task :weiran-app:verifyFrameworkVersions
verifyFrameworkVersions: 运行时模块 118 个，其中框架已管理 80 个，白名单豁免 2 条

> Task :weiran-app:compileJava UP-TO-DATE
> Task :weiran-app:classes UP-TO-DATE
> Task :weiran-common:forbiddenApisMain
> Task :weiran-cqt-api:forbiddenApisMain
> Task :weiran-common:forbiddenApisTest SKIPPED
> Task :weiran-common:forbiddenApis
> Task :weiran-cqt-api:forbiddenApisTest SKIPPED
> Task :weiran-cqt-api:forbiddenApis
> Task :weiran-base-api:forbiddenApisMain
> Task :weiran-base-api:forbiddenApisTest SKIPPED
> Task :weiran-base-api:forbiddenApis
> Task :weiran-base-api:test NO-SOURCE
> Task :weiran-base-api:jacocoTestCoverageVerification SKIPPED
> Task :weiran-base-api:jacocoTestReport SKIPPED
> Task :weiran-cqt-api:test NO-SOURCE
> Task :weiran-cqt-api:jacocoTestCoverageVerification SKIPPED
> Task :weiran-cqt-api:jacocoTestReport SKIPPED
> Task :weiran-cqt-adapter:forbiddenApisMain
> Task :weiran-common:test UP-TO-DATE
> Task :weiran-cqt-adapter:forbiddenApisTest SKIPPED
> Task :weiran-cqt-adapter:forbiddenApis
> Task :weiran-base-adapter:forbiddenApisMain
> Task :weiran-base-domain:forbiddenApisMain
> Task :weiran-base-adapter:forbiddenApisTest SKIPPED
> Task :weiran-base-domain:forbiddenApisTest SKIPPED
> Task :weiran-base-domain:forbiddenApis
> Task :weiran-base-adapter:forbiddenApis
> Task :weiran-cqt-application:forbiddenApisMain
> Task :weiran-cqt-application:forbiddenApisTest SKIPPED
> Task :weiran-cqt-application:forbiddenApis
> Task :weiran-base-adapter:test NO-SOURCE
> Task :weiran-base-adapter:jacocoTestCoverageVerification SKIPPED
> Task :weiran-base-adapter:jacocoTestReport SKIPPED
> Task :weiran-common:jacocoTestCoverageVerification UP-TO-DATE
> Task :weiran-cqt-adapter:test NO-SOURCE
> Task :weiran-base-application:forbiddenApisMain
> Task :weiran-base-application:forbiddenApisTest SKIPPED
> Task :weiran-base-application:forbiddenApis
> Task :weiran-base-application:test NO-SOURCE
> Task :weiran-base-application:jacocoTestCoverageVerification SKIPPED
> Task :weiran-base-application:jacocoTestReport SKIPPED
> Task :weiran-common:jacocoTestReport UP-TO-DATE
> Task :weiran-base-domain:test UP-TO-DATE
> Task :weiran-cqt-application:test UP-TO-DATE
> Task :weiran-cqt-adapter:jacocoTestCoverageVerification SKIPPED
> Task :weiran-cqt-adapter:jacocoTestReport SKIPPED
> Task :weiran-base-domain:jacocoTestCoverageVerification UP-TO-DATE
> Task :weiran-base-infrastructure:forbiddenApisMain
> Task :weiran-base-infrastructure:forbiddenApisTest SKIPPED
> Task :weiran-base-infrastructure:forbiddenApis
> Task :weiran-base-domain:jacocoTestReport UP-TO-DATE
> Task :weiran-base-domain:spotbugsMain FROM-CACHE
> Task :weiran-base-application:spotbugsMain FROM-CACHE
> Task :weiran-common:spotbugsMain FROM-CACHE
> Task :weiran-base-api:spotbugsMain FROM-CACHE
> Task :weiran-base-adapter:spotbugsMain FROM-CACHE
> Task :weiran-base-application:spotbugsTest NO-SOURCE
> Task :weiran-base-infrastructure:test UP-TO-DATE
> Task :weiran-base-domain:spotbugsTest FROM-CACHE
> Task :weiran-base-infrastructure:jacocoTestCoverageVerification SKIPPED
> Task :weiran-base-adapter:spotbugsTest NO-SOURCE
> Task :weiran-base-adapter:check
> Task :weiran-cqt-adapter:spotbugsTest NO-SOURCE
> Task :weiran-base-application:check
> Task :weiran-cqt-application:jacocoTestCoverageVerification SKIPPED
> Task :weiran-cqt-api:spotbugsTest NO-SOURCE
> Task :weiran-base-api:spotbugsTest NO-SOURCE
> Task :weiran-cqt-api:spotlessJavaCheck UP-TO-DATE
> Task :weiran-cqt-api:spotlessCheck UP-TO-DATE
> Task :weiran-base-api:spotlessJavaCheck UP-TO-DATE
> Task :weiran-base-api:spotlessCheck UP-TO-DATE
> Task :weiran-base-api:check
> Task :weiran-common:spotbugsTest FROM-CACHE
> Task :weiran-base-domain:spotlessJavaCheck UP-TO-DATE
> Task :weiran-base-domain:spotlessCheck UP-TO-DATE
> Task :weiran-base-domain:check
> Task :weiran-cqt-domain:compileTestJava UP-TO-DATE
> Task :weiran-cqt-domain:processTestResources NO-SOURCE
> Task :weiran-cqt-domain:testClasses UP-TO-DATE
> Task :weiran-cqt-domain:checkstyleTest UP-TO-DATE
> Task :weiran-common:spotlessJava UP-TO-DATE
> Task :weiran-base-infrastructure:jacocoTestReport UP-TO-DATE
> Task :weiran-common:spotlessJavaCheck UP-TO-DATE
> Task :weiran-common:spotlessCheck UP-TO-DATE
> Task :weiran-common:check
> Task :weiran-cqt-application:jacocoTestReport UP-TO-DATE
> Task :weiran-framework:compileTestJava UP-TO-DATE
> Task :weiran-framework:processTestResources NO-SOURCE
> Task :weiran-framework:testClasses UP-TO-DATE
> Task :weiran-app:compileTestJava UP-TO-DATE
> Task :weiran-app:testClasses UP-TO-DATE
> Task :weiran-cqt-infrastructure:compileTestJava UP-TO-DATE
> Task :weiran-framework:checkstyleTest UP-TO-DATE
> Task :weiran-cqt-infrastructure:processTestResources NO-SOURCE
> Task :weiran-cqt-infrastructure:testClasses UP-TO-DATE
> Task :weiran-cqt-domain:forbiddenApisMain
> Task :weiran-cqt-domain:forbiddenApisTest SKIPPED
> Task :weiran-cqt-domain:forbiddenApis
> Task :weiran-cqt-infrastructure:checkstyleTest UP-TO-DATE
> Task :weiran-framework:forbiddenApisMain
> Task :weiran-cqt-domain:test UP-TO-DATE
> Task :weiran-cqt-domain:jacocoTestCoverageVerification UP-TO-DATE
> Task :weiran-cqt-domain:jacocoTestReport UP-TO-DATE
> Task :weiran-app:forbiddenApisMain
> Task :weiran-app:forbiddenApisTest SKIPPED
> Task :weiran-app:forbiddenApis
> Task :weiran-app:test UP-TO-DATE
> Task :weiran-app:jacocoTestCoverageVerification
> Task :weiran-app:jacocoTestReport
> Task :weiran-app:checkstyleMain
> Task :weiran-app:checkstyleTest
> Task :weiran-cqt-adapter:spotbugsMain
> Task :weiran-cqt-adapter:check
> Task :weiran-cqt-domain:spotlessJava UP-TO-DATE
> Task :weiran-cqt-domain:spotlessJavaCheck UP-TO-DATE
> Task :weiran-cqt-domain:spotlessCheck UP-TO-DATE
> Task :weiran-cqt-infrastructure:forbiddenApisMain UP-TO-DATE
> Task :weiran-cqt-infrastructure:forbiddenApisTest SKIPPED
> Task :weiran-cqt-infrastructure:forbiddenApis UP-TO-DATE
> Task :weiran-cqt-infrastructure:test UP-TO-DATE
> Task :weiran-cqt-infrastructure:jacocoTestCoverageVerification SKIPPED
> Task :weiran-cqt-infrastructure:jacocoTestReport UP-TO-DATE
> Task :weiran-cqt-infrastructure:spotbugsMain UP-TO-DATE
> Task :weiran-cqt-infrastructure:spotbugsTest UP-TO-DATE
> Task :weiran-cqt-infrastructure:spotlessJava UP-TO-DATE
> Task :weiran-cqt-infrastructure:spotlessJavaCheck UP-TO-DATE
> Task :weiran-cqt-infrastructure:spotlessCheck UP-TO-DATE
> Task :weiran-cqt-infrastructure:check UP-TO-DATE
> Task :weiran-framework:forbiddenApisTest SKIPPED
> Task :weiran-framework:forbiddenApis
> Task :weiran-framework:test UP-TO-DATE
> Task :weiran-framework:jacocoTestCoverageVerification UP-TO-DATE
> Task :weiran-framework:jacocoTestReport UP-TO-DATE
> Task :weiran-framework:spotbugsMain FROM-CACHE
> Task :weiran-framework:spotbugsTest FROM-CACHE
> Task :weiran-framework:spotlessJava UP-TO-DATE
> Task :weiran-framework:spotlessJavaCheck UP-TO-DATE
> Task :weiran-framework:spotlessCheck UP-TO-DATE
> Task :weiran-framework:check
> Task :weiran-base-infrastructure:spotbugsTest
> Task :weiran-cqt-application:spotbugsMain
> Task :weiran-cqt-api:spotbugsMain
> Task :weiran-cqt-api:check
> Task :weiran-cqt-application:spotbugsTest
> Task :weiran-cqt-application:check
> Task :weiran-cqt-domain:spotbugsMain
> Task :weiran-app:spotbugsMain
> Task :weiran-base-infrastructure:spotbugsMain
> Task :weiran-base-infrastructure:check
> Task :weiran-cqt-domain:spotbugsTest
> Task :weiran-cqt-domain:check
> Task :weiran-app:spotbugsTest
> Task :weiran-app:check

BUILD SUCCESSFUL in 19s
149 actionable tasks: 27 executed, 9 from cache, 113 up-to-date
$ eslint src
# exit=0
