$ (cd weiran4j && JAVA_HOME=${JAVA_HOME_21:-$(/usr/libexec/java_home -v 21)} ./gradlew assemble --no-daemon) && pnpm --filter @weiran/web build
To honour the JVM settings for this build a single-use Daemon process will be forked. For more on this, please refer to https://docs.gradle.org/9.6.1/userguide/gradle_daemon.html#sec:disabling_the_daemon in the Gradle documentation.
Daemon will be stopped at the end of the build 
> Task :build-logic:checkKotlinGradlePluginConfigurationErrors SKIPPED
> Task :build-logic:compileKotlin UP-TO-DATE
> Task :build-logic:compileJava NO-SOURCE
> Task :build-logic:pluginDescriptors UP-TO-DATE
> Task :build-logic:processResources UP-TO-DATE
> Task :build-logic:classes UP-TO-DATE
> Task :build-logic:jar UP-TO-DATE
> Task :assemble UP-TO-DATE
> Task :weiran-dependencies:assemble UP-TO-DATE
> Task :weiran-base-adapter:processResources UP-TO-DATE
> Task :weiran-base-domain:processResources NO-SOURCE
> Task :weiran-base-api:processResources NO-SOURCE
> Task :weiran-base-application:processResources UP-TO-DATE
> Task :weiran-app:processResources UP-TO-DATE
> Task :weiran-framework:processResources UP-TO-DATE
> Task :weiran-base-infrastructure:processResources UP-TO-DATE
> Task :weiran-base-api:sourcesJar UP-TO-DATE
> Task :weiran-base-adapter:sourcesJar UP-TO-DATE
> Task :weiran-base-domain:sourcesJar UP-TO-DATE
> Task :weiran-base-infrastructure:sourcesJar UP-TO-DATE
> Task :weiran-common:compileJava UP-TO-DATE
> Task :weiran-common:processResources NO-SOURCE
> Task :weiran-common:classes UP-TO-DATE
> Task :weiran-app:sourcesJar
> Task :weiran-common:jar UP-TO-DATE
> Task :weiran-common:sourcesJar UP-TO-DATE
> Task :weiran-common:assemble UP-TO-DATE
> Task :weiran-base-application:sourcesJar
> Task :weiran-framework:sourcesJar
> Task :weiran-base-api:compileJava UP-TO-DATE
> Task :weiran-base-api:classes UP-TO-DATE
> Task :weiran-base-domain:compileJava UP-TO-DATE
> Task :weiran-base-domain:classes UP-TO-DATE
> Task :weiran-base-api:jar UP-TO-DATE
> Task :weiran-base-api:assemble UP-TO-DATE
> Task :weiran-base-domain:jar UP-TO-DATE
> Task :weiran-base-domain:assemble UP-TO-DATE
> Task :weiran-framework:compileJava UP-TO-DATE
> Task :weiran-framework:classes UP-TO-DATE
> Task :weiran-framework:jar UP-TO-DATE
> Task :weiran-framework:assemble
> Task :weiran-base-application:compileJava UP-TO-DATE
> Task :weiran-base-application:classes UP-TO-DATE
> Task :weiran-base-application:jar UP-TO-DATE
> Task :weiran-base-application:assemble
> Task :weiran-base-infrastructure:compileJava UP-TO-DATE
> Task :weiran-base-infrastructure:classes UP-TO-DATE
> Task :weiran-base-infrastructure:jar UP-TO-DATE
> Task :weiran-base-infrastructure:assemble UP-TO-DATE
> Task :weiran-base-adapter:compileJava UP-TO-DATE
> Task :weiran-base-adapter:classes UP-TO-DATE
> Task :weiran-base-adapter:jar UP-TO-DATE
> Task :weiran-base-adapter:assemble UP-TO-DATE
> Task :weiran-app:compileJava UP-TO-DATE
> Task :weiran-app:classes UP-TO-DATE
> Task :weiran-app:resolveMainClassName
> Task :weiran-app:bootJar
> Task :weiran-app:jar SKIPPED
> Task :weiran-app:assemble

BUILD SUCCESSFUL in 6s
34 actionable tasks: 5 executed, 29 up-to-date
$ tsc -b && vite build
vite v8.3.1 building client environment for production...
transforming...
✓ 4888 modules transformed.
rendering chunks...
computing gzip size...
dist/index.html                                 1.73 kB │ gzip:   0.53 kB
dist/assets/button-DpApW4vm.css                 0.14 kB │ gzip:   0.12 kB
dist/assets/DashboardPage-CTIIasra.css          0.99 kB │ gzip:   0.51 kB
dist/assets/SearchToolbar-BK040tsn.css          1.03 kB │ gzip:   0.42 kB
dist/assets/TableActions-Ft_MemP2.css           1.77 kB │ gzip:   0.59 kB
dist/assets/DictsPage-DgEojB04.css              5.35 kB │ gzip:   1.25 kB
dist/assets/descriptions-l4Z79VgA.css           5.86 kB │ gzip:   0.85 kB
dist/assets/LoginPage-BTNP1tmq.css              7.07 kB │ gzip:   1.72 kB
dist/assets/checkboxGroup-01exSO2B.css          9.16 kB │ gzip:   1.37 kB
dist/assets/tree-B77vUM2I.css                  18.15 kB │ gzip:   2.12 kB
dist/assets/typography-BENI6cwP.css            19.45 kB │ gzip:   2.51 kB
dist/assets/refresh-cw-blwFrBnL.css            24.29 kB │ gzip:   3.24 kB
dist/assets/radio-Dl9vDiB8.css                 26.95 kB │ gzip:   3.47 kB
dist/assets/request-DhGVpB6r.css               30.87 kB │ gzip:   4.14 kB
dist/assets/index-Cr0aruxL.css                 33.33 kB │ gzip:   3.42 kB
dist/assets/config-BxgYS7vK.css                49.83 kB │ gzip:   7.84 kB
dist/assets/split-B0WZD-wM.css                 55.16 kB │ gzip:   5.60 kB
dist/assets/index-KrTgIpeG.css                107.11 kB │ gzip:  13.96 kB
dist/assets/baseForm-CAwGlcsZ.css             134.01 kB │ gzip:  16.63 kB
dist/assets/password-WTnANTp3.js                0.11 kB │ gzip:   0.12 kB
dist/assets/Permission-BDLOlQGx.js              0.31 kB │ gzip:   0.24 kB
dist/assets/PageContainer-DZWMTtZZ.js           0.40 kB │ gzip:   0.23 kB
dist/assets/DictTag-DAmpq6Cj.js                 0.42 kB │ gzip:   0.30 kB
dist/assets/DictSelect-CMSeeyO4.js              0.44 kB │ gzip:   0.31 kB
dist/assets/date-fv9W-9x1.js                    0.57 kB │ gzip:   0.32 kB
dist/assets/StatusTag-DsJs6UkH.js               0.58 kB │ gzip:   0.38 kB
dist/assets/logs-USJqbM8v.js                    0.59 kB │ gzip:   0.29 kB
dist/assets/rolldown-runtime-hePW80VL.js        0.71 kB │ gzip:   0.42 kB
dist/assets/menus-DwIyLBgH.js                   0.72 kB │ gzip:   0.35 kB
dist/assets/users-DuEJ2cJs.js                   0.88 kB │ gzip:   0.43 kB
dist/assets/NotFoundPage-yDBj3505.js            0.95 kB │ gzip:   0.65 kB
dist/assets/ForbiddenPage-C8PJrx8D.js           0.99 kB │ gzip:   0.69 kB
dist/assets/ResetPasswordModal-CPUZlJct.js      1.00 kB │ gzip:   0.66 kB
dist/assets/roles-CveYxyOp.js                   1.10 kB │ gzip:   0.48 kB
dist/assets/preload-helper-BZ1Pz5am.js          1.21 kB │ gzip:   0.69 kB
dist/assets/DepartmentTreeSelect-BKb8tT6S.js    1.38 kB │ gzip:   0.77 kB
dist/assets/dicts-Aei1t16h.js                   1.43 kB │ gzip:   0.57 kB
dist/assets/auth-OF1BnhFA.js                    1.44 kB │ gzip:   0.59 kB
dist/assets/RoleFormModal-CeZOfJnK.js           1.70 kB │ gzip:   1.02 kB
dist/assets/DashboardPage-BgPjDIF9.js           1.99 kB │ gzip:   0.97 kB
dist/assets/useMutation-DEoIFKYF.js             2.38 kB │ gzip:   0.99 kB
dist/assets/UserFormModal-BR0CgMvF.js           2.79 kB │ gzip:   1.40 kB
dist/assets/ProfilePage-BMZjxfbD.js             2.84 kB │ gzip:   1.30 kB
dist/assets/DictFormModals-CBZV-gHf.js          3.01 kB │ gzip:   1.34 kB
dist/assets/createLucideIcon-CGhWHAfG.js        3.14 kB │ gzip:   1.51 kB
dist/assets/MenusPage-qnxpw7C7.js               3.27 kB │ gzip:   1.69 kB
dist/assets/LoginLogsPage-sB8ohejS.js           3.41 kB │ gzip:   1.53 kB
dist/assets/RolesPage-BcdHsmHA.js               3.72 kB │ gzip:   1.85 kB
dist/assets/descriptions-B22pNMUc.js            4.54 kB │ gzip:   1.65 kB
dist/assets/OperationLogsPage-DmJNO0on.js       4.58 kB │ gzip:   2.02 kB
dist/assets/DepartmentsPage-BYMiZHhz.js         5.01 kB │ gzip:   2.32 kB
dist/assets/ConfigsPage-DmslvBuU.js             5.15 kB │ gzip:   2.51 kB
dist/assets/MenuFormModal-DZ84yaWN.js           5.22 kB │ gzip:   2.35 kB
dist/assets/LoginPage-DQkIKYFy.js               5.96 kB │ gzip:   2.46 kB
dist/assets/SearchToolbar-CO1fgUHV.js           8.08 kB │ gzip:   3.03 kB
dist/assets/UsersPage-C19jS59z.js               8.24 kB │ gzip:   3.10 kB
dist/assets/TableActions-DwcwN1ww.js            8.53 kB │ gzip:   2.98 kB
dist/assets/DictsPage-CUtopCn3.js              11.68 kB │ gzip:   4.47 kB
dist/assets/tree-DeQx088L.js                   13.33 kB │ gzip:   4.54 kB
dist/assets/checkboxGroup-D-515Ed7.js          21.34 kB │ gzip:   6.98 kB
dist/assets/button-BsP_DZ5u.js                 22.42 kB │ gzip:   9.26 kB
dist/assets/RoleMenuSheet-CNg2T8dg.js          26.19 kB │ gzip:   8.03 kB
dist/assets/index.esm-BvGnkTqt.js              36.78 kB │ gzip:  11.48 kB
dist/assets/request-B4a0z8jF.js                57.12 kB │ gzip:  17.58 kB
dist/assets/config-66mubSef.js                 62.23 kB │ gzip:  20.09 kB
dist/assets/typography-C8LaCNP3.js             65.70 kB │ gzip:  18.62 kB
dist/assets/radio-CtxAdGBP.js                 106.20 kB │ gzip:  29.51 kB
dist/assets/refresh-cw-Cdp3W14b.js            157.99 kB │ gzip:  42.11 kB
dist/assets/split-CaS0mSUW.js                 220.30 kB │ gzip:  53.75 kB
dist/assets/baseForm-BHWa3OXA.js              370.52 kB │ gzip: 102.48 kB
dist/assets/index-Dg1tOjwY.js                 451.38 kB │ gzip: 139.55 kB

[33m[EVAL] [0mUse of direct `eval` function is strongly discouraged as it poses security risks and may cause issues with minification.
       [38;5;246m╭[0m[38;5;246m─[0m[38;5;246m[[0m ../node_modules/.pnpm/lottie-web@5.13.0/node_modules/lottie-web/build/player/lottie.js:14422:33 [38;5;246m][0m
       [38;5;246m│[0m
 [38;5;246m14422 │[0m [38;5;249m [0m[38;5;249m [0m[38;5;249m [0m[38;5;249m [0m[38;5;249m [0m[38;5;249m [0m[38;5;249mv[0m[38;5;249ma[0m[38;5;249mr[0m[38;5;249m [0m[38;5;249me[0m[38;5;249mx[0m[38;5;249mp[0m[38;5;249mr[0m[38;5;249me[0m[38;5;249ms[0m[38;5;249ms[0m[38;5;249mi[0m[38;5;249mo[0m[38;5;249mn[0m[38;5;249m_[0m[38;5;249mf[0m[38;5;249mu[0m[38;5;249mn[0m[38;5;249mc[0m[38;5;249mt[0m[38;5;249mi[0m[38;5;249mo[0m[38;5;249mn[0m[38;5;249m [0m[38;5;249m=[0m[38;5;249m [0meval[38;5;249m([0m[38;5;249m'[0m[38;5;249m[[0m[38;5;249mf[0m[38;5;249mu[0m[38;5;249mn[0m[38;5;249mc[0m[38;5;249mt[0m[38;5;249mi[0m[38;5;249mo[0m[38;5;249mn[0m[38;5;249m [0m[38;5;249m_[0m[38;5;249me[0m[38;5;249mx[0m[38;5;249mp[0m[38;5;249mr[0m[38;5;249me[0m[38;5;249ms[0m[38;5;249ms[0m[38;5;249mi[0m[38;5;249mo[0m[38;5;249mn[0m[38;5;249m_[0m[38;5;249mf[0m[38;5;249mu[0m[38;5;249mn[0m[38;5;249mc[0m[38;5;249mt[0m[38;5;249mi[0m[38;5;249mo[0m[38;5;249mn[0m[38;5;249m([0m[38;5;249m)[0m[38;5;249m{[0m[38;5;249m'[0m[38;5;249m [0m[38;5;249m+[0m[38;5;249m [0m[38;5;249mv[0m[38;5;249ma[0m[38;5;249ml[0m[38;5;249m [0m[38;5;249m+[0m[38;5;249m [0m[38;5;249m'[0m[38;5;249m;[0m[38;5;249ms[0m[38;5;249mc[0m[38;5;249mo[0m[38;5;249mp[0m[38;5;249me[0m[38;5;249md[0m[38;5;249m_[0m[38;5;249mb[0m[38;5;249mm[0m[38;5;249m_[0m[38;5;249mr[0m[38;5;249mt[0m[38;5;249m=[0m[38;5;249m$[0m[38;5;249mb[0m[38;5;249mm[0m[38;5;249m_[0m[38;5;249mr[0m[38;5;249mt[0m[38;5;249m}[0m[38;5;249m][0m[38;5;249m'[0m[38;5;249m)[0m[38;5;249m[[0m[38;5;249m0[0m[38;5;249m][0m[38;5;249m;[0m[38;5;249m [0m[38;5;249m/[0m[38;5;249m/[0m[38;5;249m [0m[38;5;249me[0m[38;5;249ms[0m[38;5;249ml[0m[38;5;249mi[0m[38;5;249mn[0m[38;5;249mt[0m[38;5;249m-[0m[38;5;249md[0m[38;5;249mi[0m[38;5;249ms[0m[38;5;249ma[0m[38;5;249mb[0m[38;5;249ml[0m[38;5;249me[0m[38;5;249m-[0m[38;5;249ml[0m[38;5;249mi[0m[38;5;249mn[0m[38;5;249me[0m[38;5;249m [0m[38;5;249mn[0m[38;5;249mo[0m[38;5;249m-[0m[38;5;249me[0m[38;5;249mv[0m[38;5;249ma[0m[38;5;249ml[0m
 [38;5;240m      │[0m                                 ──┬─  
 [38;5;240m      │[0m                                   ╰─── Use of direct `eval` here.
 [38;5;240m      │[0m 
 [38;5;240m      │[0m [38;5;115mHelp[0m: Consider using indirect eval. For more information, check the documentation: https://rolldown.rs/guide/troubleshooting#avoiding-direct-eval
[38;5;246m───────╯[0m

[33m[MODULE_LEVEL_DIRECTIVE] [0mThe semantics of the module level directive "" in "../node_modules/.pnpm/@mdx-js+mdx@3.1.1/node_modules/@mdx-js/mdx/lib/util/resolve-evaluate-options.js" may not be preserved when bundling.
    [38;5;246m╭[0m[38;5;246m─[0m[38;5;246m[[0m ../node_modules/.pnpm/@mdx-js+mdx@3.1.1/node_modules/@mdx-js/mdx/lib/util/resolve-evaluate-options.js:48:1 [38;5;246m][0m
    [38;5;246m│[0m
 [38;5;246m48 │[0m ''
 [38;5;240m   │[0m ─┬  
 [38;5;240m   │[0m  ╰── module level directive may not be preserved
 [38;5;240m   │[0m 
 [38;5;240m   │[0m [38;5;115mHelp[0m: For more information, see https://rolldown.rs/in-depth/directives#other-directives
[38;5;246m────╯[0m

[33m[MODULE_LEVEL_DIRECTIVE] [0mThe semantics of the module level directive "" in "../node_modules/.pnpm/@mdx-js+mdx@3.1.1/node_modules/@mdx-js/mdx/lib/util/estree-util-create.js" may not be preserved when bundling.
   [38;5;246m╭[0m[38;5;246m─[0m[38;5;246m[[0m ../node_modules/.pnpm/@mdx-js+mdx@3.1.1/node_modules/@mdx-js/mdx/lib/util/estree-util-create.js:6:1 [38;5;246m][0m
   [38;5;246m│[0m
 [38;5;246m6 │[0m ''
 [38;5;240m  │[0m ─┬  
 [38;5;240m  │[0m  ╰── module level directive may not be preserved
 [38;5;240m  │[0m 
 [38;5;240m  │[0m [38;5;115mHelp[0m: For more information, see https://rolldown.rs/in-depth/directives#other-directives
[38;5;246m───╯[0m

[33m[MODULE_LEVEL_DIRECTIVE] [0mThe semantics of the module level directive "" in "../node_modules/.pnpm/@mdx-js+mdx@3.1.1/node_modules/@mdx-js/mdx/lib/util/estree-util-is-declaration.js" may not be preserved when bundling.
    [38;5;246m╭[0m[38;5;246m─[0m[38;5;246m[[0m ../node_modules/.pnpm/@mdx-js+mdx@3.1.1/node_modules/@mdx-js/mdx/lib/util/estree-util-is-declaration.js:11:1 [38;5;246m][0m
    [38;5;246m│[0m
 [38;5;246m11 │[0m ''
 [38;5;240m   │[0m ─┬  
 [38;5;240m   │[0m  ╰── module level directive may not be preserved
 [38;5;240m   │[0m 
 [38;5;240m   │[0m [38;5;115mHelp[0m: For more information, see https://rolldown.rs/in-depth/directives#other-directives
[38;5;246m────╯[0m

[33m[MODULE_LEVEL_DIRECTIVE] [0mThe semantics of the module level directive "" in "../node_modules/.pnpm/hast-util-to-estree@3.1.3/node_modules/hast-util-to-estree/lib/handlers/comment.js" may not be preserved when bundling.
    [38;5;246m╭[0m[38;5;246m─[0m[38;5;246m[[0m ../node_modules/.pnpm/hast-util-to-estree@3.1.3/node_modules/hast-util-to-estree/lib/handlers/comment.js:12:1 [38;5;246m][0m
    [38;5;246m│[0m
 [38;5;246m12 │[0m ''
 [38;5;240m   │[0m ─┬  
 [38;5;240m   │[0m  ╰── module level directive may not be preserved
 [38;5;240m   │[0m 
 [38;5;240m   │[0m [38;5;115mHelp[0m: For more information, see https://rolldown.rs/in-depth/directives#other-directives
[38;5;246m────╯[0m

[33m[MODULE_LEVEL_DIRECTIVE] [0mThe semantics of the module level directive "" in "../node_modules/.pnpm/hast-util-to-estree@3.1.3/node_modules/hast-util-to-estree/lib/handlers/text.js" may not be preserved when bundling.
   [38;5;246m╭[0m[38;5;246m─[0m[38;5;246m[[0m ../node_modules/.pnpm/hast-util-to-estree@3.1.3/node_modules/hast-util-to-estree/lib/handlers/text.js:9:1 [38;5;246m][0m
   [38;5;246m│[0m
 [38;5;246m9 │[0m ''
 [38;5;240m  │[0m ─┬  
 [38;5;240m  │[0m  ╰── module level directive may not be preserved
 [38;5;240m  │[0m 
 [38;5;240m  │[0m [38;5;115mHelp[0m: For more information, see https://rolldown.rs/in-depth/directives#other-directives
[38;5;246m───╯[0m

✓ built in 499ms
exit=0
